../Core/Src/main.c:167:6:HAL_UART_RxCpltCallback	16	static
../Core/Src/main.c:234:6:HAL_TIM_PeriodElapsedCallback	16	static
../Core/Src/main.c:257:6:kalman_1d	40	static
../Core/Src/main.c:266:6:gyro_get_data	24	static
../Core/Src/main.c:288:6:HAL_GPIO_EXTI_Callback	16	static
../Core/Src/main.c:324:5:mapValue	24	static
../Core/Src/main.c:356:5:main	24	static
../Core/Src/main.c:755:6:SystemClock_Config	88	static
../Core/Src/main.c:801:13:MX_I2C1_Init	8	static
../Core/Src/main.c:835:13:MX_TIM2_Init	32	static
../Core/Src/main.c:880:13:MX_TIM3_Init	64	static
../Core/Src/main.c:951:13:MX_TIM4_Init	32	static
../Core/Src/main.c:996:13:MX_TIM5_Init	32	static
../Core/Src/main.c:1041:13:MX_USART1_UART_Init	8	static
../Core/Src/main.c:1074:13:MX_USART2_UART_Init	8	static
../Core/Src/main.c:1107:13:MX_GPIO_Init	48	static
../Core/Src/main.c:1151:6:Error_Handler	4	static,ignoring_inline_asm
