../Core/Src/mpu.c:38:9:setupMPU	16	static
../Core/Src/mpu.c:73:6:calibrate	16	static
../Core/Src/mpu.c:89:6:sleep	24	static
../Core/Src/mpu.c:99:9:isConnectedMPU9250	16	static
../Core/Src/mpu.c:106:9:isConnectedAK8963	16	static
../Core/Src/mpu.c:110:9:MPUisConnected	16	static
../Core/Src/mpu.c:115:9:MPUisSleeping	16	static
../Core/Src/mpu.c:119:9:MPUavailable	16	static
../Core/Src/mpu.c:123:9:updateMPU	56	static
../Core/Src/mpu.c:164:7:getRoll	16	static
../Core/Src/mpu.c:165:7:getPitch	16	static
../Core/Src/mpu.c:166:7:getYaw	16	static
../Core/Src/mpu.c:168:7:getEulerX	16	static
../Core/Src/mpu.c:169:7:getEulerY	16	static
../Core/Src/mpu.c:170:7:getEulerZ	16	static
../Core/Src/mpu.c:172:7:getQuaternionX	16	static
../Core/Src/mpu.c:173:7:getQuaternionY	16	static
../Core/Src/mpu.c:174:7:getQuaternionZ	16	static
../Core/Src/mpu.c:175:7:getQuaternionW	16	static
../Core/Src/mpu.c:177:7:getAcc	16	static
../Core/Src/mpu.c:178:7:getGyro	16	static
../Core/Src/mpu.c:179:7:getMag	16	static
../Core/Src/mpu.c:180:7:getLinearAcc	16	static
../Core/Src/mpu.c:182:7:getAccX	16	static
../Core/Src/mpu.c:183:7:getAccY	16	static
../Core/Src/mpu.c:184:7:getAccZ	16	static
../Core/Src/mpu.c:185:7:getGyroX	16	static
../Core/Src/mpu.c:186:7:getGyroY	16	static
../Core/Src/mpu.c:187:7:getGyroZ	16	static
../Core/Src/mpu.c:188:7:getMagX	16	static
../Core/Src/mpu.c:189:7:getMagY	16	static
../Core/Src/mpu.c:190:7:getMagZ	16	static
../Core/Src/mpu.c:191:7:getLinearAccX	16	static
../Core/Src/mpu.c:192:7:getLinearAccY	16	static
../Core/Src/mpu.c:193:7:getLinearAccZ	16	static
../Core/Src/mpu.c:194:7:getAccBias	16	static
../Core/Src/mpu.c:195:7:getGyroBias	16	static
../Core/Src/mpu.c:196:7:getMagBias	16	static
../Core/Src/mpu.c:197:7:getMagScale	16	static
../Core/Src/mpu.c:198:7:getAccBiasX	16	static
../Core/Src/mpu.c:199:7:getAccBiasY	16	static
../Core/Src/mpu.c:200:7:getAccBiasZ	16	static
../Core/Src/mpu.c:201:7:getGyroBiasX	16	static
../Core/Src/mpu.c:202:7:getGyroBiasY	16	static
../Core/Src/mpu.c:203:7:getGyroBiasZ	16	static
../Core/Src/mpu.c:204:7:getMagBiasX	16	static
../Core/Src/mpu.c:205:7:getMagBiasY	16	static
../Core/Src/mpu.c:206:7:getMagBiasZ	16	static
../Core/Src/mpu.c:207:7:getMagScaleX	16	static
../Core/Src/mpu.c:208:7:getMagScaleY	16	static
../Core/Src/mpu.c:209:7:getMagScaleZ	16	static
../Core/Src/mpu.c:210:7:getTemperature	16	static
../Core/Src/mpu.c:212:6:setAccBias	24	static
../Core/Src/mpu.c:218:6:setGyroBias	24	static
../Core/Src/mpu.c:224:6:setMagBias	24	static
../Core/Src/mpu.c:229:6:setMagScale	24	static
../Core/Src/mpu.c:235:6:setMagneticDeclination	16	static
../Core/Src/mpu.c:239:6:update_rpy	56	static
../Core/Src/mpu.c:274:6:update_accel_gyro	32	static
../Core/Src/mpu.c:292:6:update_mag	32	static
../Core/Src/mpu.c:307:6:readAccelGyro	32	static
../Core/Src/mpu.c:322:9:readMag	32	static
../Core/Src/mpu.c:344:6:calibrate_acc_gyro_impl	16	static
../Core/Src/mpu.c:353:6:set_acc_gyro_to_calibration	8	static
../Core/Src/mpu.c:385:6:collect_acc_gyro_data_to	56	static
../Core/Src/mpu.c:423:6:write_accel_offset	48	static
../Core/Src/mpu.c:468:6:write_gyro_offset	24	static
../Core/Src/mpu.c:487:6:calibrate_mag_impl	24	static
../Core/Src/mpu.c:500:6:collect_mag_data_to	80	static
../Core/Src/mpu.c:554:6:setFilterIterations	16	static
../Core/Src/mpu.c:559:6:initAK8963	24	static
../Core/Src/mpu.c:580:6:MPU9250_Init	24	static
../Core/Src/mpu.c:648:6:getMres	16	static
../Core/Src/mpu.c:663:6:getGres	16	static
../Core/Src/mpu.c:685:6:getAres	16	static
../Core/Src/mpu.c:707:6:readByte	32	static
../Core/Src/mpu.c:721:6:readBytes	48	static
../Core/Src/mpu.c:738:6:writeByte	32	static
../Core/Src/mpu.c:747:6:MPU9250SetDefault	16	static
../Core/Src/mpu.c:809:6:update_madgwick	56	static
../Core/Src/mpu.c:819:6:madgwick	464	static
../Core/Src/mpu.c:918:6:MadgwicknoM	168	static
../Core/Src/mpu.c:993:6:MPU9250SelfTest	176	static
../Core/Src/mpu.c:1103:6:calibrateMPU9250	128	static
../Core/Src/mpu.c:1287:7:invSqrt	32	static
